  console.error
    An update to ForwardRef(LoadableComponent) inside a test was not wrapped in act(...).
    
    When testing, code that causes React state updates should be wrapped into act(...):
    
    act(() => {
      /* fire events that update state */
    });
    /* assert on the output */
    
    This ensures that you're testing the behavior the user would see in the browser. Learn more at https://react.dev/link/wrap-tests-with-act

      at node_modules/react-dom/cjs/react-dom-client.development.js:18758:19
      at runWithFiberInDEV (node_modules/react-dom/cjs/react-dom-client.development.js:874:13)
      at warnIfUpdatesNotWrappedWithActDEV (node_modules/react-dom/cjs/react-dom-client.development.js:18757:9)
      at scheduleUpdateOnFiber (node_modules/react-dom/cjs/react-dom-client.development.js:16409:11)
      at forceStoreRerender (node_modules/react-dom/cjs/react-dom-client.development.js:8262:24)
      at node_modules/react-dom/cjs/react-dom-client.development.js:8247:11
      at callback (node_modules/next/src/shared/lib/loadable.shared-runtime.tsx:235:48)
          at Set.forEach (<anonymous>)
      at LoadableSubscription.forEach (node_modules/next/src/shared/lib/loadable.shared-runtime.tsx:235:21)
      at _update (node_modules/next/src/shared/lib/loadable.shared-runtime.tsx:217:14)

node.exe : FAIL src/__test__/pages/produk.spec.tsx
At line:1 char:1
+ & "C:\Program Files\nodejs/node.exe" "C:\Program Files\nodejs/node_mo ...
+ ~~~~~~~~~~~~~~~~~~~~~~~~~~~~~~~~~~~~~~~~~~~~~~~~~~~~~~~~~~~~~~~~~~~~~
    + CategoryInfo          : NotSpecified: (FAIL src/__test__/pages/produk.spec.tsx:String) [], RemoteException
    + FullyQualifiedErrorId : NativeCommandError
 
  Product Page
    ├ù renders product page correctly (122 ms)

  ΓùÅ Product Page ΓÇ║ renders product page correctly

    TestingLibraryElementError: Unable to find an element by: [data-testid="title"]

    Ignored nodes: comments, script, style
    [36m<body>[39m
      [36m<div>[39m
        [36m<div />[39m
      [36m</div>[39m
    [36m</body>[39m

    [0m [90m 28 |[39m         [90m// Penggunaan getByTestId dan toBe (Tugas Kriteria 2)[39m
     [90m 29 |[39m         [90m// Asumsi: elemen <h1> diberi atribut data-testid="title" pada views/product[39m
    [31m[1m>[22m[39m[90m 30 |[39m         
expect(screen[33m.[39mgetByTestId([32m"title"[39m)[33m.[39mtextContent)[33m.[39mtoBe([32m"Daftar 
Produk"[39m)[33m;[39m
     [90m    |[39m                       [31m[1m^[22m[39m
     [90m 31 |[39m
     [90m 32 |[39m         [90m// Snapshot Test (Tugas Kriteria 2)[39m
     [90m 33 |[39m         expect(page)[33m.[39mtoMatchSnapshot()[33m;[39m[0m

      at Object.getElementError (node_modules/@testing-library/dom/dist/config.js:37:19)
      at node_modules/@testing-library/dom/dist/query-helpers.js:76:38
      at node_modules/@testing-library/dom/dist/query-helpers.js:52:17
      at node_modules/@testing-library/dom/dist/query-helpers.js:95:19
      at Object.getByTestId (src/__test__/pages/produk.spec.tsx:30:23)

----------------------------------------|---------|----------|---------|---------|-------------------
File                                    | % Stmts | % Branch | % Funcs | % Lines | Uncovered Line #s 
----------------------------------------|---------|----------|---------|---------|-------------------
All files                               |     7.4 |    10.81 |       8 |     7.1 |                   
 my-app                                 |       0 |      100 |     100 |       0 |                   
  next-env.d.ts                         |       0 |      100 |     100 |       0 | 3                 
 my-app/src                             |       0 |      100 |       0 |       0 |                   
  middleware.ts                         |       0 |      100 |       0 |       0 | 1-19              
 my-app/src/Middleware                  |       0 |        0 |       0 |       0 |                   
  withAuth.ts                           |       0 |        0 |       0 |       0 | 1-34              
 my-app/src/components/layouts/AppShell |       0 |        0 |       0 |       0 |                   
  index.tsx                             |       0 |        0 |       0 |       0 | 1-44              
 my-app/src/components/layouts/footer   |       0 |      100 |       0 |       0 |                   
  index.tsx                             |       0 |      100 |       0 |       0 | 1-9               
 my-app/src/components/layouts/navbar   |       0 |        0 |       0 |       0 |                   
  index.tsx                             |       0 |        0 |       0 |       0 | 1-54              
 my-app/src/pages                       |       0 |      100 |       0 |       0 |                   
  404.tsx                               |       0 |      100 |       0 |       0 | 1-24              
  _app.tsx                              |       0 |      100 |       0 |       0 | 1-7               
  _document.tsx                         |       0 |      100 |       0 |       0 | 1-3               
  index.tsx                             |       0 |      100 |       0 |       0 | 1-4               
 my-app/src/pages/about                 |       0 |      100 |       0 |       0 |                   
  index.tsx                             |       0 |      100 |       0 |       0 | 1-9               
 my-app/src/pages/admin                 |       0 |      100 |       0 |       0 |                   
  index.tsx                             |       0 |      100 |       0 |       0 | 1-18              
 my-app/src/pages/auth                  |       0 |      100 |       0 |       0 |                   
  login.tsx                             |       0 |      100 |       0 |       0 | 1-11              
  register.tsx                          |       0 |      100 |       0 |       0 | 1-8               
 my-app/src/pages/blog                  |       0 |      100 |       0 |       0 |                   
  [id].tsx                              |       0 |      100 |       0 |       0 | 1-13              
  index.tsx                             |       0 |      100 |       0 |       0 | 1-5               
 my-app/src/pages/category              |       0 |        0 |       0 |       0 |                   
  [...slug].tsx                         |       0 |        0 |       0 |       0 | 1-25              
 my-app/src/pages/editor                |       0 |      100 |       0 |       0 |                   
  index.tsx                             |       0 |      100 |       0 |       0 | 1-16              
 my-app/src/pages/produk                |   26.08 |      100 |   27.27 |   26.82 |                   
  [produk].tsx                          |       0 |      100 |       0 |       0 | 4-53              
  index.tsx                             |     100 |      100 |     100 |     100 |                   
  server.tsx                            |       0 |      100 |       0 |       0 | 1-22              
  static.tsx                            |       0 |      100 |       0 |       0 | 1-23              
 my-app/src/pages/profile               |       0 |      100 |       0 |       0 |                   
  index.tsx                             |       0 |      100 |       0 |       0 | 1-13              
 my-app/src/pages/setting               |       0 |      100 |       0 |       0 |                   
  app.tsx                               |       0 |      100 |       0 |       0 | 1-5               
 my-app/src/pages/shop                  |       0 |        0 |       0 |       0 |                   
  [[...slug]].tsx                       |       0 |        0 |       0 |       0 | 1-21              
 my-app/src/pages/user                  |       0 |      100 |       0 |       0 |                   
  index.tsx                             |       0 |      100 |       0 |       0 | 1-5               
 my-app/src/pages/user/password         |       0 |      100 |       0 |       0 |                   
  index.tsx                             |       0 |      100 |       0 |       0 | 1-5               
 my-app/src/pages/user/profile          |       0 |      100 |       0 |       0 |                   
  edit.tsx                              |       0 |      100 |       0 |       0 | 1-5               
  index.tsx                             |       0 |      100 |       0 |       0 | 1-5               
 my-app/src/utils/db                    |       0 |        0 |       0 |       0 |                   
  firebase.ts                           |       0 |      100 |     100 |       0 | 2-19              
  servicefirebase.ts                    |       0 |        0 |       0 |       0 | 11-84             
 my-app/src/utils/swr                   |      80 |      100 |      50 |     100 |                   
  fetcher.ts                            |      80 |      100 |      50 |     100 |                   
----------------------------------------|---------|----------|---------|---------|-------------------
Test Suites: 1 failed, 1 total
Tests:       1 failed, 1 total
Snapshots:   0 total
Time:        5.294 s
Ran all test suites matching src/__test__/pages/produk.spec.tsx.
